
> sclib-frontend@0.1.0 test:source /Users/jackzhou/Documents/SCLib_JZIS/frontend
> node --test tests/*.test.mjs

✔ API client preserves request correlation and unified quota fields (12.186875ms)
✔ password reset UI uses generic request copy and a one-time token (23.416166ms)
✔ dashboard exposes server-side session revocation separately from API keys (4.69325ms)
✔ browser auth uses credentialed HttpOnly-cookie requests (19.876834ms)
✔ application source contains no browser-stored JWT fallback (39.467916ms)
✔ discovery server render uses bounded summary pages (2.330459ms)
✔ discovery cards virtualize offscreen work and lazy-load dossiers (0.220834ms)
✔ legacy feed rejects mixed-version pages and uses explicit English recovery copy (0.182917ms)
✔ synthetic material preview requires an explicit query and development mode (1.964584ms)
✔ demo rows never enter the live RPS board or call the real detail API (4.888083ms)
✔ scientific matrix is the ordinary primary surface, with separate original and legacy views (1.837084ms)
✔ the public matrix never imports fixture/demo data, admin mutations, draft units or a browser scorer (3.034167ms)
✔ the planned dictionary explains that native units are independently authoritative (0.240375ms)
✔ default UI has no embedded Chinese copy; query regexes and comments remain supported (388.669542ms)
✔ date and number display explicitly uses an English locale (197.066584ms)
✔ document language and metadata remain English (0.46975ms)
✔ classification filter UI explicitly separates source reports, qualified false and same-state data (9.139042ms)
✔ public API documents material summary classification scope and nonindependent count basis (1.897208ms)
✔ desktop navigation collapses into an accessible mobile menu (8.914917ms)
✔ mobile shells use compact gutters and stack consent actions (0.144416ms)
✔ browser health reporting is sampled and requires analytics consent (2.286209ms)
✔ browser errors are reduced to aggregate signals without payload text (0.295084ms)
✔ the reporter is mounted once at the application root (0.280958ms)
✔ OAuth links use the public API origin during server rendering (2.806375ms)
✔ OAuth navigation sources contain no internal or loopback host (0.203708ms)
✔ standalone trace destinations contain both copied source and real linked dependencies (147.283417ms)
✔ production browser child excludes inherited credentials, env files and font mocks (0.574167ms)
✔ public production E2E never reuses a server or permits service worker bypass (0.1995ms)
✔ every public browser suite installs the fail-closed network fixture (1.027916ms)
✔ search separates scientific excerpt checks from mechanical citation validation (13.626041ms)
✔ public API documentation describes hybrid retrieval and citation fields (6.29575ms)
✔ private browser CI collects all visual TypeScript suites, without replacing public E2E (4.102542ms)
✔ private browser CI never reuses a server and keeps each output root exclusive (0.484917ms)
✔ output preparation runs once in the launcher and cannot replace any earlier artifact (3.502042ms)
✔ the shared research browser server keeps source intake synthetic and copies no env file (0.628875ms)
✔ all frontend routes receive the required security headers (18.03025ms)
✔ production CSP is restrictive and permits required integrations (0.939125ms)
✔ private and authentication routes instruct crawlers not to index (5.877792ms)
✔ sitemap inventory is paginated and produces canonical encoded URLs (36.869833ms)
✔ robots, canonical metadata, and structured research data are present (15.125625ms)
✔ stats UI distinguishes aggregate refresh, data snapshot, and pipeline run (1.880917ms)
✔ daily cron reports each data stage without changing ingest cadence (0.292916ms)
✔ timeline prefers WebGL and falls back to a bounded SVG renderer (2.942167ms)
✔ timeline names reported results and keeps unsampled summaries separate (0.327541ms)
✔ all material-family navigation uses an English elemental label (0.319666ms)
✔ timeline page requests a bounded compact payload (0.529042ms)
ℹ tests 46
ℹ suites 0
ℹ pass 46
ℹ fail 0
ℹ cancelled 0
ℹ skipped 0
ℹ todo 0
ℹ duration_ms 1597.533667

 RUN  v4.1.10 /Users/jackzhou/Documents/SCLib_JZIS/frontend


 Test Files  53 passed (53)
      Tests  1890 passed (1890)
   Start at  15:35:10
   Duration  123.56s (transform 2.91s, setup 3.47s, import 10.33s, tests 58.49s, environment 37.51s)

