
> sclib-frontend@0.1.0 test /Users/jackzhou/Documents/SCLib_JZIS/frontend
> pnpm test:source && pnpm test:unit


> sclib-frontend@0.1.0 test:source /Users/jackzhou/Documents/SCLib_JZIS/frontend
> node --test tests/*.test.mjs

✔ API client preserves request correlation and unified quota fields (8.595042ms)
✔ password reset UI uses generic request copy and a one-time token (8.359708ms)
✔ dashboard exposes server-side session revocation separately from API keys (1.878667ms)
✔ browser auth uses credentialed HttpOnly-cookie requests (23.831125ms)
✔ application source contains no browser-stored JWT fallback (45.221834ms)
✔ discovery server render uses bounded summary pages (1.804333ms)
✔ discovery cards virtualize offscreen work and lazy-load dossiers (0.183917ms)
✔ legacy feed rejects mixed-version pages and uses explicit English recovery copy (0.183541ms)
✔ synthetic material preview requires an explicit query and development mode (2.318917ms)
✔ demo rows never enter the live RPS board or call the real detail API (2.123791ms)
✔ scientific matrix is the ordinary primary surface, with separate original and legacy views (3.531458ms)
✔ the public matrix never imports fixture/demo data, admin mutations, draft units or a browser scorer (2.501458ms)
✔ the planned dictionary explains that native units are independently authoritative (0.225792ms)
✔ default UI has no embedded Chinese copy; query regexes and comments remain supported (448.58075ms)
✔ date and number display explicitly uses an English locale (218.046625ms)
✔ document language and metadata remain English (0.558833ms)
✔ classification filter UI explicitly separates source reports, qualified false and same-state data (11.304375ms)
✔ public API documents material summary classification scope and nonindependent count basis (7.51775ms)
✔ desktop navigation collapses into an accessible mobile menu (2.284375ms)
✔ mobile shells use compact gutters and stack consent actions (0.166959ms)
✔ browser health reporting is sampled and requires analytics consent (1.47ms)
✔ browser errors are reduced to aggregate signals without payload text (0.242417ms)
✔ the reporter is mounted once at the application root (0.372875ms)
✔ OAuth links use the public API origin during server rendering (1.691125ms)
✔ OAuth navigation sources contain no internal or loopback host (0.448667ms)
✔ standalone trace destinations contain both copied source and real linked dependencies (184.022834ms)
✔ production browser child excludes inherited credentials, env files and font mocks (0.710791ms)
✔ public production E2E never reuses a server or permits service worker bypass (0.235583ms)
✔ every public browser suite installs the fail-closed network fixture (1.443334ms)
✔ search separates scientific excerpt checks from mechanical citation validation (29.17925ms)
✔ public API documentation describes hybrid retrieval and citation fields (7.36675ms)
✔ private browser CI collects all visual TypeScript suites, without replacing public E2E (2.434458ms)
✔ private browser CI never reuses a server and keeps each output root exclusive (0.441708ms)
✔ output preparation runs once in the launcher and cannot replace any earlier artifact (4.730875ms)
✔ the shared research browser server keeps source intake synthetic and copies no env file (0.725709ms)
✔ all frontend routes receive the required security headers (2.180125ms)
✔ production CSP is restrictive and permits required integrations (0.573792ms)
✔ private and authentication routes instruct crawlers not to index (12.424875ms)
✔ sitemap inventory is paginated and produces canonical encoded URLs (17.810334ms)
✔ robots, canonical metadata, and structured research data are present (7.036958ms)
✔ stats UI distinguishes aggregate refresh, data snapshot, and pipeline run (2.612042ms)
✔ daily cron reports each data stage without changing ingest cadence (0.318792ms)
✔ timeline prefers WebGL and falls back to a bounded SVG renderer (2.399291ms)
✔ timeline names reported results and keeps unsampled summaries separate (0.287ms)
✔ all material-family navigation uses an English elemental label (0.230375ms)
✔ timeline page requests a bounded compact payload (1.063625ms)
ℹ tests 46
ℹ suites 0
ℹ pass 46
ℹ fail 0
ℹ cancelled 0
ℹ skipped 0
ℹ todo 0
ℹ duration_ms 1686.025292

> sclib-frontend@0.1.0 test:unit /Users/jackzhou/Documents/SCLib_JZIS/frontend
> vitest run


 RUN  v4.1.10 /Users/jackzhou/Documents/SCLib_JZIS/frontend

 ❯ tests/component/discovery-layout-preview.test.tsx (21 tests | 1 failed) 38966ms
     × shows state-bound cell provenance and explicit inapplicability reasons outside the table 5494ms

⎯⎯⎯⎯⎯⎯⎯ Failed Tests 1 ⎯⎯⎯⎯⎯⎯⎯

 FAIL  tests/component/discovery-layout-preview.test.tsx > Discovery material-list layout preview > shows state-bound cell provenance and explicit inapplicability reasons outside the table
Error: Test timed out in 5000ms.
If this is a long-running test, pass a timeout value as the last argument or configure it globally with "testTimeout".
 ❯ tests/component/discovery-layout-preview.test.tsx:100:3
     98|   });
     99|
    100|   it("shows state-bound cell provenance and explicit inapplicability r…
       |   ^
    101|     render(<DiscoveryLayoutPreview />);
    102|     fireEvent.change(screen.getByRole("combobox", { name: "Scientific …

⎯⎯⎯⎯⎯⎯⎯⎯⎯⎯⎯⎯⎯⎯⎯⎯⎯⎯⎯⎯⎯⎯⎯⎯[1/1]⎯


 Test Files  1 failed | 52 passed (53)
      Tests  1 failed | 1889 passed (1890)
   Start at  19:27:15
   Duration  59.35s (transform 13.11s, setup 11.41s, import 36.75s, tests 210.59s, environment 114.88s)

 ELIFECYCLE  Command failed with exit code 1.
 ELIFECYCLE  Test failed. See above for more details.
