
> sclib-frontend@0.1.0 test:source /Users/jackzhou/Documents/SCLib_JZIS/frontend
> node --test tests/*.test.mjs

✔ API client preserves request correlation and unified quota fields (7.438875ms)
✔ password reset UI uses generic request copy and a one-time token (13.263292ms)
✔ dashboard exposes server-side session revocation separately from API keys (3.05525ms)
✔ browser auth uses credentialed HttpOnly-cookie requests (42.344ms)
✔ application source contains no browser-stored JWT fallback (58.509833ms)
✔ discovery server render uses bounded summary pages (1.226875ms)
✔ discovery cards virtualize offscreen work and lazy-load dossiers (0.131875ms)
✔ legacy feed rejects mixed-version pages and uses explicit English recovery copy (0.125667ms)
✔ synthetic material preview requires an explicit query and development mode (1.204834ms)
✔ demo rows never enter the live RPS board or call the real detail API (1.402792ms)
✔ scientific matrix is the ordinary primary surface, with separate original and legacy views (5.174458ms)
✔ the public matrix never imports fixture/demo data, admin mutations, draft units or a browser scorer (3.474542ms)
✔ the planned dictionary explains that native units are independently authoritative (0.363833ms)
✔ default UI has no embedded Chinese copy; query regexes and comments remain supported (314.174667ms)
✔ date and number display explicitly uses an English locale (161.086625ms)
✔ document language and metadata remain English (0.348ms)
✔ classification filter UI explicitly separates source reports, qualified false and same-state data (13.339375ms)
✔ public API documents material summary classification scope and nonindependent count basis (3.498292ms)
✔ desktop navigation collapses into an accessible mobile menu (1.456375ms)
✔ mobile shells use compact gutters and stack consent actions (0.107875ms)
✔ browser health reporting is sampled and requires analytics consent (1.602333ms)
✔ browser errors are reduced to aggregate signals without payload text (0.271542ms)
✔ the reporter is mounted once at the application root (0.130375ms)
✔ OAuth links use the public API origin during server rendering (1.232334ms)
✔ OAuth navigation sources contain no internal or loopback host (0.164792ms)
✔ standalone trace destinations contain both copied source and real linked dependencies (104.020125ms)
✔ production browser child excludes inherited credentials, env files and font mocks (0.371416ms)
✔ public production E2E never reuses a server or permits service worker bypass (0.131709ms)
✔ every public browser suite installs the fail-closed network fixture (1.364292ms)
✔ search separates scientific excerpt checks from mechanical citation validation (39.678375ms)
✔ public API documentation describes hybrid retrieval and citation fields (2.765ms)
✔ private browser CI collects all visual TypeScript suites, without replacing public E2E (1.400584ms)
✔ private browser CI never reuses a server and keeps each output root exclusive (0.243208ms)
✔ output preparation runs once in the launcher and cannot replace any earlier artifact (3.354083ms)
✔ the shared research browser server keeps source intake synthetic and copies no env file (0.590833ms)
✔ all frontend routes receive the required security headers (1.1755ms)
✔ production CSP is restrictive and permits required integrations (0.313958ms)
✔ private and authentication routes instruct crawlers not to index (1.4585ms)
✔ sitemap inventory is paginated and produces canonical encoded URLs (7.184ms)
✔ robots, canonical metadata, and structured research data are present (1.571416ms)
✔ stats UI distinguishes aggregate refresh, data snapshot, and pipeline run (3.544833ms)
✔ daily cron reports each data stage without changing ingest cadence (0.165084ms)
✔ timeline prefers WebGL and falls back to a bounded SVG renderer (1.635667ms)
✔ timeline names reported results and keeps unsampled summaries separate (0.202209ms)
✔ all material-family navigation uses an English elemental label (0.159959ms)
✔ timeline page requests a bounded compact payload (0.333708ms)
ℹ tests 46
ℹ suites 0
ℹ pass 46
ℹ fail 0
ℹ cancelled 0
ℹ skipped 0
ℹ todo 0
ℹ duration_ms 1308.538083
