Disposable native services verified; running api.
.........FFFFFFFFFF.F.........................                           [100%]
=================================== FAILURES ===================================
_ test_cached_pages_follow_actual_committed_catalogue_dependencies[raw_records] _

client = <httpx.AsyncClient object at 0x10fb6a8a0>
db_session = <sqlalchemy.ext.asyncio.session.AsyncSession object at 0x10fb68290>
monkeypatch = <_pytest.monkeypatch.MonkeyPatch object at 0x10fb6ba40>
change = 'raw_records'

    @pytest.mark.asyncio
    @pytest.mark.parametrize("change", (
        "raw_records", "display_field", "material_hold", "paper_hold", "parent_hold",
        "work_hold", "accepted_work_map", "insert_material", "delete_material",
    ))
    async def test_cached_pages_follow_actual_committed_catalogue_dependencies(client, db_session, monkeypatch, change):
        import routers.materials as routes
        from models.db import PaperWorkMap, Work
        from sqlalchemy import text
    
        monkeypatch.setattr(routes, "_material_pages", routes._MaterialPageCache())
        family = f"cache_{uuid4().hex[:12]}"
        row = await material_row(db_session, family=family, label="subject", tc=30, old_tc=30, source_count=1)
        parent = await material_row(db_session, family=family + "_parent", label="parent", tc=20, old_tc=20, source_count=1)
        row.parent_material_id = parent.id
        paper_id = row.records[0]["paper_id"]
        work = Work(canonical_title="Synthetic page-cache invalidation fixture", publication_status="active")
        db_session.add(work)
        await db_session.flush()
        link = PaperWorkMap(paper_id=paper_id, work_id=work.id, match_method="manual",
                            review_status="pending" if change == "accepted_work_map" else "accepted")
        db_session.add(link)
        if change == "accepted_work_map":
            work.publication_status = "retracted"
        await db_session.commit()
        calls = []
        original = routes._current_sort_value
    
        def counted(*args):
            calls.append(args[0].id)
            return original(*args)
    
        monkeypatch.setattr(routes, "_current_sort_value", counted)
        params = {"family": family, "limit": 3}
        first = await client.get("/v1/materials", params=params)
        assert first.status_code == 200 and first.json()["total"] == 1
        assert calls == [row.id]
        calls.clear()
        warm = await client.get("/v1/materials", params=params)
>       assert warm.status_code == 200 and warm.json() == first.json()
E       assert (200 == 200 and {'total': 1, ...fset': 0, ...} == {'total': 1, ...fset': 0, ...}
E        +  where 200 = <Response [200 OK]>.status_code
E         
E         Omitting 5 identical items, use -vv to show
E         Differing items:
E         {'results': [{'visibility': {'version': 'material-visibility/1.0.0', 'state': 'unknown', 'public_catalogue_eligible': ...rial's current visibility could not be established.", 'result_classification_version': 'sclib-result-origin/v1', ...}]} != {'results': [{'visibility': {'version': 'material-visibility/1.0.0', 'state': 'catalogue', 'public_catalogue_eligible'..., ...}, 'needs_review': False, 'review_reason': None, 'result_classification_version': 'sclib-result-origin/v1', ...}]}
E         Use -v to get more diff)

tests/test_material_source_scope_ordering.py:232: AssertionError
----------------------------- Captured stderr call -----------------------------
2026-09-21 21:44:49,317 INFO  httpx  HTTP Request: GET http://test/v1/materials?family=cache_de55ad9ddc19&limit=3 "HTTP/1.1 200 OK"
2026-09-21 21:44:49,340 INFO  httpx  HTTP Request: GET http://test/v1/materials?family=cache_de55ad9ddc19&limit=3 "HTTP/1.1 200 OK"
------------------------------ Captured log call -------------------------------
INFO     httpx:_client.py:1740 HTTP Request: GET http://test/v1/materials?family=cache_de55ad9ddc19&limit=3 "HTTP/1.1 200 OK"
INFO     httpx:_client.py:1740 HTTP Request: GET http://test/v1/materials?family=cache_de55ad9ddc19&limit=3 "HTTP/1.1 200 OK"
_ test_cached_pages_follow_actual_committed_catalogue_dependencies[display_field] _

client = <httpx.AsyncClient object at 0x10fac5670>
db_session = <sqlalchemy.ext.asyncio.session.AsyncSession object at 0x10fac7350>
monkeypatch = <_pytest.monkeypatch.MonkeyPatch object at 0x10fac7f50>
change = 'display_field'

    @pytest.mark.asyncio
    @pytest.mark.parametrize("change", (
        "raw_records", "display_field", "material_hold", "paper_hold", "parent_hold",
        "work_hold", "accepted_work_map", "insert_material", "delete_material",
    ))
    async def test_cached_pages_follow_actual_committed_catalogue_dependencies(client, db_session, monkeypatch, change):
        import routers.materials as routes
        from models.db import PaperWorkMap, Work
        from sqlalchemy import text
    
        monkeypatch.setattr(routes, "_material_pages", routes._MaterialPageCache())
        family = f"cache_{uuid4().hex[:12]}"
        row = await material_row(db_session, family=family, label="subject", tc=30, old_tc=30, source_count=1)
        parent = await material_row(db_session, family=family + "_parent", label="parent", tc=20, old_tc=20, source_count=1)
        row.parent_material_id = parent.id
        paper_id = row.records[0]["paper_id"]
        work = Work(canonical_title="Synthetic page-cache invalidation fixture", publication_status="active")
        db_session.add(work)
        await db_session.flush()
        link = PaperWorkMap(paper_id=paper_id, work_id=work.id, match_method="manual",
                            review_status="pending" if change == "accepted_work_map" else "accepted")
        db_session.add(link)
        if change == "accepted_work_map":
            work.publication_status = "retracted"
        await db_session.commit()
        calls = []
        original = routes._current_sort_value
    
        def counted(*args):
            calls.append(args[0].id)
            return original(*args)
    
        monkeypatch.setattr(routes, "_current_sort_value", counted)
        params = {"family": family, "limit": 3}
        first = await client.get("/v1/materials", params=params)
        assert first.status_code == 200 and first.json()["total"] == 1
        assert calls == [row.id]
        calls.clear()
        warm = await client.get("/v1/materials", params=params)
>       assert warm.status_code == 200 and warm.json() == first.json()
E       assert (200 == 200 and {'total': 1, ...fset': 0, ...} == {'total': 1, ...fset': 0, ...}
E        +  where 200 = <Response [200 OK]>.status_code
E         
E         Omitting 5 identical items, use -vv to show
E         Differing items:
E         {'results': [{'visibility': {'version': 'material-visibility/1.0.0', 'state': 'unknown', 'public_catalogue_eligible': ...rial's current visibility could not be established.", 'result_classification_version': 'sclib-result-origin/v1', ...}]} != {'results': [{'visibility': {'version': 'material-visibility/1.0.0', 'state': 'catalogue', 'public_catalogue_eligible'..., ...}, 'needs_review': False, 'review_reason': None, 'result_classification_version': 'sclib-result-origin/v1', ...}]}
E         Use -v to get more diff)

tests/test_material_source_scope_ordering.py:232: AssertionError
----------------------------- Captured stderr call -----------------------------
2026-09-21 21:44:49,569 INFO  httpx  HTTP Request: GET http://test/v1/materials?family=cache_f0bb2d9191df&limit=3 "HTTP/1.1 200 OK"
2026-09-21 21:44:49,593 INFO  httpx  HTTP Request: GET http://test/v1/materials?family=cache_f0bb2d9191df&limit=3 "HTTP/1.1 200 OK"
------------------------------ Captured log call -------------------------------
INFO     httpx:_client.py:1740 HTTP Request: GET http://test/v1/materials?family=cache_f0bb2d9191df&limit=3 "HTTP/1.1 200 OK"
INFO     httpx:_client.py:1740 HTTP Request: GET http://test/v1/materials?family=cache_f0bb2d9191df&limit=3 "HTTP/1.1 200 OK"
_ test_cached_pages_follow_actual_committed_catalogue_dependencies[material_hold] _

client = <httpx.AsyncClient object at 0x10fb521b0>
db_session = <sqlalchemy.ext.asyncio.session.AsyncSession object at 0x10fb53ef0>
monkeypatch = <_pytest.monkeypatch.MonkeyPatch object at 0x10fb52420>
change = 'material_hold'

    @pytest.mark.asyncio
    @pytest.mark.parametrize("change", (
        "raw_records", "display_field", "material_hold", "paper_hold", "parent_hold",
        "work_hold", "accepted_work_map", "insert_material", "delete_material",
    ))
    async def test_cached_pages_follow_actual_committed_catalogue_dependencies(client, db_session, monkeypatch, change):
        import routers.materials as routes
        from models.db import PaperWorkMap, Work
        from sqlalchemy import text
    
        monkeypatch.setattr(routes, "_material_pages", routes._MaterialPageCache())
        family = f"cache_{uuid4().hex[:12]}"
        row = await material_row(db_session, family=family, label="subject", tc=30, old_tc=30, source_count=1)
        parent = await material_row(db_session, family=family + "_parent", label="parent", tc=20, old_tc=20, source_count=1)
        row.parent_material_id = parent.id
        paper_id = row.records[0]["paper_id"]
        work = Work(canonical_title="Synthetic page-cache invalidation fixture", publication_status="active")
        db_session.add(work)
        await db_session.flush()
        link = PaperWorkMap(paper_id=paper_id, work_id=work.id, match_method="manual",
                            review_status="pending" if change == "accepted_work_map" else "accepted")
        db_session.add(link)
        if change == "accepted_work_map":
            work.publication_status = "retracted"
        await db_session.commit()
        calls = []
        original = routes._current_sort_value
    
        def counted(*args):
            calls.append(args[0].id)
            return original(*args)
    
        monkeypatch.setattr(routes, "_current_sort_value", counted)
        params = {"family": family, "limit": 3}
        first = await client.get("/v1/materials", params=params)
        assert first.status_code == 200 and first.json()["total"] == 1
        assert calls == [row.id]
        calls.clear()
        warm = await client.get("/v1/materials", params=params)
>       assert warm.status_code == 200 and warm.json() == first.json()
E       assert (200 == 200 and {'total': 1, ...fset': 0, ...} == {'total': 1, ...fset': 0, ...}
E        +  where 200 = <Response [200 OK]>.status_code
E         
E         Omitting 5 identical items, use -vv to show
E         Differing items:
E         {'results': [{'visibility': {'version': 'material-visibility/1.0.0', 'state': 'unknown', 'public_catalogue_eligible': ...rial's current visibility could not be established.", 'result_classification_version': 'sclib-result-origin/v1', ...}]} != {'results': [{'visibility': {'version': 'material-visibility/1.0.0', 'state': 'catalogue', 'public_catalogue_eligible'..., ...}, 'needs_review': False, 'review_reason': None, 'result_classification_version': 'sclib-result-origin/v1', ...}]}
E         Use -v to get more diff)

tests/test_material_source_scope_ordering.py:232: AssertionError
----------------------------- Captured stderr call -----------------------------
2026-09-21 21:44:49,761 INFO  httpx  HTTP Request: GET http://test/v1/materials?family=cache_e394ef478cf1&limit=3 "HTTP/1.1 200 OK"
2026-09-21 21:44:49,785 INFO  httpx  HTTP Request: GET http://test/v1/materials?family=cache_e394ef478cf1&limit=3 "HTTP/1.1 200 OK"
------------------------------ Captured log call -------------------------------
INFO     httpx:_client.py:1740 HTTP Request: GET http://test/v1/materials?family=cache_e394ef478cf1&limit=3 "HTTP/1.1 200 OK"
INFO     httpx:_client.py:1740 HTTP Request: GET http://test/v1/materials?family=cache_e394ef478cf1&limit=3 "HTTP/1.1 200 OK"
_ test_cached_pages_follow_actual_committed_catalogue_dependencies[paper_hold] _

client = <httpx.AsyncClient object at 0x10fb50fb0>
db_session = <sqlalchemy.ext.asyncio.session.AsyncSession object at 0x10fb50950>
monkeypatch = <_pytest.monkeypatch.MonkeyPatch object at 0x10fb513d0>
change = 'paper_hold'

    @pytest.mark.asyncio
    @pytest.mark.parametrize("change", (
        "raw_records", "display_field", "material_hold", "paper_hold", "parent_hold",
        "work_hold", "accepted_work_map", "insert_material", "delete_material",
    ))
    async def test_cached_pages_follow_actual_committed_catalogue_dependencies(client, db_session, monkeypatch, change):
        import routers.materials as routes
        from models.db import PaperWorkMap, Work
        from sqlalchemy import text
    
        monkeypatch.setattr(routes, "_material_pages", routes._MaterialPageCache())
        family = f"cache_{uuid4().hex[:12]}"
        row = await material_row(db_session, family=family, label="subject", tc=30, old_tc=30, source_count=1)
        parent = await material_row(db_session, family=family + "_parent", label="parent", tc=20, old_tc=20, source_count=1)
        row.parent_material_id = parent.id
        paper_id = row.records[0]["paper_id"]
        work = Work(canonical_title="Synthetic page-cache invalidation fixture", publication_status="active")
        db_session.add(work)
        await db_session.flush()
        link = PaperWorkMap(paper_id=paper_id, work_id=work.id, match_method="manual",
                            review_status="pending" if change == "accepted_work_map" else "accepted")
        db_session.add(link)
        if change == "accepted_work_map":
            work.publication_status = "retracted"
        await db_session.commit()
        calls = []
        original = routes._current_sort_value
    
        def counted(*args):
            calls.append(args[0].id)
            return original(*args)
    
        monkeypatch.setattr(routes, "_current_sort_value", counted)
        params = {"family": family, "limit": 3}
        first = await client.get("/v1/materials", params=params)
        assert first.status_code == 200 and first.json()["total"] == 1
        assert calls == [row.id]
        calls.clear()
        warm = await client.get("/v1/materials", params=params)
>       assert warm.status_code == 200 and warm.json() == first.json()
E       assert (200 == 200 and {'total': 1, ...fset': 0, ...} == {'total': 1, ...fset': 0, ...}
E        +  where 200 = <Response [200 OK]>.status_code
E         
E         Omitting 5 identical items, use -vv to show
E         Differing items:
E         {'results': [{'visibility': {'version': 'material-visibility/1.0.0', 'state': 'unknown', 'public_catalogue_eligible': ...rial's current visibility could not be established.", 'result_classification_version': 'sclib-result-origin/v1', ...}]} != {'results': [{'visibility': {'version': 'material-visibility/1.0.0', 'state': 'catalogue', 'public_catalogue_eligible'..., ...}, 'needs_review': False, 'review_reason': None, 'result_classification_version': 'sclib-result-origin/v1', ...}]}
E         Use -v to get more diff)

tests/test_material_source_scope_ordering.py:232: AssertionError
----------------------------- Captured stderr call -----------------------------
2026-09-21 21:44:49,949 INFO  httpx  HTTP Request: GET http://test/v1/materials?family=cache_b13850f344f3&limit=3 "HTTP/1.1 200 OK"
2026-09-21 21:44:49,971 INFO  httpx  HTTP Request: GET http://test/v1/materials?family=cache_b13850f344f3&limit=3 "HTTP/1.1 200 OK"
------------------------------ Captured log call -------------------------------
INFO     httpx:_client.py:1740 HTTP Request: GET http://test/v1/materials?family=cache_b13850f344f3&limit=3 "HTTP/1.1 200 OK"
INFO     httpx:_client.py:1740 HTTP Request: GET http://test/v1/materials?family=cache_b13850f344f3&limit=3 "HTTP/1.1 200 OK"
_ test_cached_pages_follow_actual_committed_catalogue_dependencies[parent_hold] _

client = <httpx.AsyncClient object at 0x10fada990>
db_session = <sqlalchemy.ext.asyncio.session.AsyncSession object at 0x10fad9dc0>
monkeypatch = <_pytest.monkeypatch.MonkeyPatch object at 0x10fadade0>
change = 'parent_hold'

    @pytest.mark.asyncio
    @pytest.mark.parametrize("change", (
        "raw_records", "display_field", "material_hold", "paper_hold", "parent_hold",
        "work_hold", "accepted_work_map", "insert_material", "delete_material",
    ))
    async def test_cached_pages_follow_actual_committed_catalogue_dependencies(client, db_session, monkeypatch, change):
        import routers.materials as routes
        from models.db import PaperWorkMap, Work
        from sqlalchemy import text
    
        monkeypatch.setattr(routes, "_material_pages", routes._MaterialPageCache())
        family = f"cache_{uuid4().hex[:12]}"
        row = await material_row(db_session, family=family, label="subject", tc=30, old_tc=30, source_count=1)
        parent = await material_row(db_session, family=family + "_parent", label="parent", tc=20, old_tc=20, source_count=1)
        row.parent_material_id = parent.id
        paper_id = row.records[0]["paper_id"]
        work = Work(canonical_title="Synthetic page-cache invalidation fixture", publication_status="active")
        db_session.add(work)
        await db_session.flush()
        link = PaperWorkMap(paper_id=paper_id, work_id=work.id, match_method="manual",
                            review_status="pending" if change == "accepted_work_map" else "accepted")
        db_session.add(link)
        if change == "accepted_work_map":
            work.publication_status = "retracted"
        await db_session.commit()
        calls = []
        original = routes._current_sort_value
    
        def counted(*args):
            calls.append(args[0].id)
            return original(*args)
    
        monkeypatch.setattr(routes, "_current_sort_value", counted)
        params = {"family": family, "limit": 3}
        first = await client.get("/v1/materials", params=params)
        assert first.status_code == 200 and first.json()["total"] == 1
        assert calls == [row.id]
        calls.clear()
        warm = await client.get("/v1/materials", params=params)
>       assert warm.status_code == 200 and warm.json() == first.json()
E       assert (200 == 200 and {'total': 1, ...fset': 0, ...} == {'total': 1, ...fset': 0, ...}
E        +  where 200 = <Response [200 OK]>.status_code
E         
E         Omitting 5 identical items, use -vv to show
E         Differing items:
E         {'results': [{'visibility': {'version': 'material-visibility/1.0.0', 'state': 'unknown', 'public_catalogue_eligible': ...rial's current visibility could not be established.", 'result_classification_version': 'sclib-result-origin/v1', ...}]} != {'results': [{'visibility': {'version': 'material-visibility/1.0.0', 'state': 'catalogue', 'public_catalogue_eligible'..., ...}, 'needs_review': False, 'review_reason': None, 'result_classification_version': 'sclib-result-origin/v1', ...}]}
E         Use -v to get more diff)

tests/test_material_source_scope_ordering.py:232: AssertionError
----------------------------- Captured stderr call -----------------------------
2026-09-21 21:44:50,130 INFO  httpx  HTTP Request: GET http://test/v1/materials?family=cache_dfa0bae63149&limit=3 "HTTP/1.1 200 OK"
2026-09-21 21:44:50,150 INFO  httpx  HTTP Request: GET http://test/v1/materials?family=cache_dfa0bae63149&limit=3 "HTTP/1.1 200 OK"
------------------------------ Captured log call -------------------------------
INFO     httpx:_client.py:1740 HTTP Request: GET http://test/v1/materials?family=cache_dfa0bae63149&limit=3 "HTTP/1.1 200 OK"
INFO     httpx:_client.py:1740 HTTP Request: GET http://test/v1/materials?family=cache_dfa0bae63149&limit=3 "HTTP/1.1 200 OK"
_ test_cached_pages_follow_actual_committed_catalogue_dependencies[work_hold] __

client = <httpx.AsyncClient object at 0x10fbeb230>
db_session = <sqlalchemy.ext.asyncio.session.AsyncSession object at 0x10fbeaf30>
monkeypatch = <_pytest.monkeypatch.MonkeyPatch object at 0x10fbe9910>
change = 'work_hold'

    @pytest.mark.asyncio
    @pytest.mark.parametrize("change", (
        "raw_records", "display_field", "material_hold", "paper_hold", "parent_hold",
        "work_hold", "accepted_work_map", "insert_material", "delete_material",
    ))
    async def test_cached_pages_follow_actual_committed_catalogue_dependencies(client, db_session, monkeypatch, change):
        import routers.materials as routes
        from models.db import PaperWorkMap, Work
        from sqlalchemy import text
    
        monkeypatch.setattr(routes, "_material_pages", routes._MaterialPageCache())
        family = f"cache_{uuid4().hex[:12]}"
        row = await material_row(db_session, family=family, label="subject", tc=30, old_tc=30, source_count=1)
        parent = await material_row(db_session, family=family + "_parent", label="parent", tc=20, old_tc=20, source_count=1)
        row.parent_material_id = parent.id
        paper_id = row.records[0]["paper_id"]
        work = Work(canonical_title="Synthetic page-cache invalidation fixture", publication_status="active")
        db_session.add(work)
        await db_session.flush()
        link = PaperWorkMap(paper_id=paper_id, work_id=work.id, match_method="manual",
                            review_status="pending" if change == "accepted_work_map" else "accepted")
        db_session.add(link)
        if change == "accepted_work_map":
            work.publication_status = "retracted"
        await db_session.commit()
        calls = []
        original = routes._current_sort_value
    
        def counted(*args):
            calls.append(args[0].id)
            return original(*args)
    
        monkeypatch.setattr(routes, "_current_sort_value", counted)
        params = {"family": family, "limit": 3}
        first = await client.get("/v1/materials", params=params)
        assert first.status_code == 200 and first.json()["total"] == 1
        assert calls == [row.id]
        calls.clear()
        warm = await client.get("/v1/materials", params=params)
>       assert warm.status_code == 200 and warm.json() == first.json()
E       assert (200 == 200 and {'total': 1, ...fset': 0, ...} == {'total': 1, ...fset': 0, ...}
E        +  where 200 = <Response [200 OK]>.status_code
E         
E         Omitting 5 identical items, use -vv to show
E         Differing items:
E         {'results': [{'visibility': {'version': 'material-visibility/1.0.0', 'state': 'unknown', 'public_catalogue_eligible': ...rial's current visibility could not be established.", 'result_classification_version': 'sclib-result-origin/v1', ...}]} != {'results': [{'visibility': {'version': 'material-visibility/1.0.0', 'state': 'catalogue', 'public_catalogue_eligible'..., ...}, 'needs_review': False, 'review_reason': None, 'result_classification_version': 'sclib-result-origin/v1', ...}]}
E         Use -v to get more diff)

tests/test_material_source_scope_ordering.py:232: AssertionError
----------------------------- Captured stderr call -----------------------------
2026-09-21 21:44:50,311 INFO  httpx  HTTP Request: GET http://test/v1/materials?family=cache_6a69c1a8ac18&limit=3 "HTTP/1.1 200 OK"
2026-09-21 21:44:50,333 INFO  httpx  HTTP Request: GET http://test/v1/materials?family=cache_6a69c1a8ac18&limit=3 "HTTP/1.1 200 OK"
------------------------------ Captured log call -------------------------------
INFO     httpx:_client.py:1740 HTTP Request: GET http://test/v1/materials?family=cache_6a69c1a8ac18&limit=3 "HTTP/1.1 200 OK"
INFO     httpx:_client.py:1740 HTTP Request: GET http://test/v1/materials?family=cache_6a69c1a8ac18&limit=3 "HTTP/1.1 200 OK"
_ test_cached_pages_follow_actual_committed_catalogue_dependencies[accepted_work_map] _

client = <httpx.AsyncClient object at 0x10fbeaa50>
db_session = <sqlalchemy.ext.asyncio.session.AsyncSession object at 0x10fbe8530>
monkeypatch = <_pytest.monkeypatch.MonkeyPatch object at 0x10fbeb800>
change = 'accepted_work_map'

    @pytest.mark.asyncio
    @pytest.mark.parametrize("change", (
        "raw_records", "display_field", "material_hold", "paper_hold", "parent_hold",
        "work_hold", "accepted_work_map", "insert_material", "delete_material",
    ))
    async def test_cached_pages_follow_actual_committed_catalogue_dependencies(client, db_session, monkeypatch, change):
        import routers.materials as routes
        from models.db import PaperWorkMap, Work
        from sqlalchemy import text
    
        monkeypatch.setattr(routes, "_material_pages", routes._MaterialPageCache())
        family = f"cache_{uuid4().hex[:12]}"
        row = await material_row(db_session, family=family, label="subject", tc=30, old_tc=30, source_count=1)
        parent = await material_row(db_session, family=family + "_parent", label="parent", tc=20, old_tc=20, source_count=1)
        row.parent_material_id = parent.id
        paper_id = row.records[0]["paper_id"]
        work = Work(canonical_title="Synthetic page-cache invalidation fixture", publication_status="active")
        db_session.add(work)
        await db_session.flush()
        link = PaperWorkMap(paper_id=paper_id, work_id=work.id, match_method="manual",
                            review_status="pending" if change == "accepted_work_map" else "accepted")
        db_session.add(link)
        if change == "accepted_work_map":
            work.publication_status = "retracted"
        await db_session.commit()
        calls = []
        original = routes._current_sort_value
    
        def counted(*args):
            calls.append(args[0].id)
            return original(*args)
    
        monkeypatch.setattr(routes, "_current_sort_value", counted)
        params = {"family": family, "limit": 3}
        first = await client.get("/v1/materials", params=params)
        assert first.status_code == 200 and first.json()["total"] == 1
        assert calls == [row.id]
        calls.clear()
        warm = await client.get("/v1/materials", params=params)
>       assert warm.status_code == 200 and warm.json() == first.json()
E       assert (200 == 200 and {'total': 1, ...fset': 0, ...} == {'total': 1, ...fset': 0, ...}
E        +  where 200 = <Response [200 OK]>.status_code
E         
E         Omitting 5 identical items, use -vv to show
E         Differing items:
E         {'results': [{'visibility': {'version': 'material-visibility/1.0.0', 'state': 'unknown', 'public_catalogue_eligible': ...rial's current visibility could not be established.", 'result_classification_version': 'sclib-result-origin/v1', ...}]} != {'results': [{'visibility': {'version': 'material-visibility/1.0.0', 'state': 'catalogue', 'public_catalogue_eligible'..., ...}, 'needs_review': False, 'review_reason': None, 'result_classification_version': 'sclib-result-origin/v1', ...}]}
E         Use -v to get more diff)

tests/test_material_source_scope_ordering.py:232: AssertionError
----------------------------- Captured stderr call -----------------------------
2026-09-21 21:44:50,496 INFO  httpx  HTTP Request: GET http://test/v1/materials?family=cache_3403ec6661f8&limit=3 "HTTP/1.1 200 OK"
2026-09-21 21:44:50,516 INFO  httpx  HTTP Request: GET http://test/v1/materials?family=cache_3403ec6661f8&limit=3 "HTTP/1.1 200 OK"
------------------------------ Captured log call -------------------------------
INFO     httpx:_client.py:1740 HTTP Request: GET http://test/v1/materials?family=cache_3403ec6661f8&limit=3 "HTTP/1.1 200 OK"
INFO     httpx:_client.py:1740 HTTP Request: GET http://test/v1/materials?family=cache_3403ec6661f8&limit=3 "HTTP/1.1 200 OK"
_ test_cached_pages_follow_actual_committed_catalogue_dependencies[insert_material] _

client = <httpx.AsyncClient object at 0x10fb53050>
db_session = <sqlalchemy.ext.asyncio.session.AsyncSession object at 0x10fb53bf0>
monkeypatch = <_pytest.monkeypatch.MonkeyPatch object at 0x10fb51640>
change = 'insert_material'

    @pytest.mark.asyncio
    @pytest.mark.parametrize("change", (
        "raw_records", "display_field", "material_hold", "paper_hold", "parent_hold",
        "work_hold", "accepted_work_map", "insert_material", "delete_material",
    ))
    async def test_cached_pages_follow_actual_committed_catalogue_dependencies(client, db_session, monkeypatch, change):
        import routers.materials as routes
        from models.db import PaperWorkMap, Work
        from sqlalchemy import text
    
        monkeypatch.setattr(routes, "_material_pages", routes._MaterialPageCache())
        family = f"cache_{uuid4().hex[:12]}"
        row = await material_row(db_session, family=family, label="subject", tc=30, old_tc=30, source_count=1)
        parent = await material_row(db_session, family=family + "_parent", label="parent", tc=20, old_tc=20, source_count=1)
        row.parent_material_id = parent.id
        paper_id = row.records[0]["paper_id"]
        work = Work(canonical_title="Synthetic page-cache invalidation fixture", publication_status="active")
        db_session.add(work)
        await db_session.flush()
        link = PaperWorkMap(paper_id=paper_id, work_id=work.id, match_method="manual",
                            review_status="pending" if change == "accepted_work_map" else "accepted")
        db_session.add(link)
        if change == "accepted_work_map":
            work.publication_status = "retracted"
        await db_session.commit()
        calls = []
        original = routes._current_sort_value
    
        def counted(*args):
            calls.append(args[0].id)
            return original(*args)
    
        monkeypatch.setattr(routes, "_current_sort_value", counted)
        params = {"family": family, "limit": 3}
        first = await client.get("/v1/materials", params=params)
        assert first.status_code == 200 and first.json()["total"] == 1
        assert calls == [row.id]
        calls.clear()
        warm = await client.get("/v1/materials", params=params)
>       assert warm.status_code == 200 and warm.json() == first.json()
E       assert (200 == 200 and {'total': 1, ...fset': 0, ...} == {'total': 1, ...fset': 0, ...}
E        +  where 200 = <Response [200 OK]>.status_code
E         
E         Omitting 5 identical items, use -vv to show
E         Differing items:
E         {'results': [{'visibility': {'version': 'material-visibility/1.0.0', 'state': 'unknown', 'public_catalogue_eligible': ...rial's current visibility could not be established.", 'result_classification_version': 'sclib-result-origin/v1', ...}]} != {'results': [{'visibility': {'version': 'material-visibility/1.0.0', 'state': 'catalogue', 'public_catalogue_eligible'..., ...}, 'needs_review': False, 'review_reason': None, 'result_classification_version': 'sclib-result-origin/v1', ...}]}
E         Use -v to get more diff)

tests/test_material_source_scope_ordering.py:232: AssertionError
----------------------------- Captured stderr call -----------------------------
2026-09-21 21:44:50,680 INFO  httpx  HTTP Request: GET http://test/v1/materials?family=cache_760363d39c24&limit=3 "HTTP/1.1 200 OK"
2026-09-21 21:44:50,702 INFO  httpx  HTTP Request: GET http://test/v1/materials?family=cache_760363d39c24&limit=3 "HTTP/1.1 200 OK"
------------------------------ Captured log call -------------------------------
INFO     httpx:_client.py:1740 HTTP Request: GET http://test/v1/materials?family=cache_760363d39c24&limit=3 "HTTP/1.1 200 OK"
INFO     httpx:_client.py:1740 HTTP Request: GET http://test/v1/materials?family=cache_760363d39c24&limit=3 "HTTP/1.1 200 OK"
_ test_cached_pages_follow_actual_committed_catalogue_dependencies[delete_material] _

client = <httpx.AsyncClient object at 0x10fc02f30>
db_session = <sqlalchemy.ext.asyncio.session.AsyncSession object at 0x10fc00b00>
monkeypatch = <_pytest.monkeypatch.MonkeyPatch object at 0x10fc01880>
change = 'delete_material'

    @pytest.mark.asyncio
    @pytest.mark.parametrize("change", (
        "raw_records", "display_field", "material_hold", "paper_hold", "parent_hold",
        "work_hold", "accepted_work_map", "insert_material", "delete_material",
    ))
    async def test_cached_pages_follow_actual_committed_catalogue_dependencies(client, db_session, monkeypatch, change):
        import routers.materials as routes
        from models.db import PaperWorkMap, Work
        from sqlalchemy import text
    
        monkeypatch.setattr(routes, "_material_pages", routes._MaterialPageCache())
        family = f"cache_{uuid4().hex[:12]}"
        row = await material_row(db_session, family=family, label="subject", tc=30, old_tc=30, source_count=1)
        parent = await material_row(db_session, family=family + "_parent", label="parent", tc=20, old_tc=20, source_count=1)
        row.parent_material_id = parent.id
        paper_id = row.records[0]["paper_id"]
        work = Work(canonical_title="Synthetic page-cache invalidation fixture", publication_status="active")
        db_session.add(work)
        await db_session.flush()
        link = PaperWorkMap(paper_id=paper_id, work_id=work.id, match_method="manual",
                            review_status="pending" if change == "accepted_work_map" else "accepted")
        db_session.add(link)
        if change == "accepted_work_map":
            work.publication_status = "retracted"
        await db_session.commit()
        calls = []
        original = routes._current_sort_value
    
        def counted(*args):
            calls.append(args[0].id)
            return original(*args)
    
        monkeypatch.setattr(routes, "_current_sort_value", counted)
        params = {"family": family, "limit": 3}
        first = await client.get("/v1/materials", params=params)
        assert first.status_code == 200 and first.json()["total"] == 1
        assert calls == [row.id]
        calls.clear()
        warm = await client.get("/v1/materials", params=params)
>       assert warm.status_code == 200 and warm.json() == first.json()
E       assert (200 == 200 and {'total': 1, ...fset': 0, ...} == {'total': 1, ...fset': 0, ...}
E        +  where 200 = <Response [200 OK]>.status_code
E         
E         Omitting 5 identical items, use -vv to show
E         Differing items:
E         {'results': [{'visibility': {'version': 'material-visibility/1.0.0', 'state': 'unknown', 'public_catalogue_eligible': ...rial's current visibility could not be established.", 'result_classification_version': 'sclib-result-origin/v1', ...}]} != {'results': [{'visibility': {'version': 'material-visibility/1.0.0', 'state': 'catalogue', 'public_catalogue_eligible'..., ...}, 'needs_review': False, 'review_reason': None, 'result_classification_version': 'sclib-result-origin/v1', ...}]}
E         Use -v to get more diff)

tests/test_material_source_scope_ordering.py:232: AssertionError
----------------------------- Captured stderr call -----------------------------
2026-09-21 21:44:50,865 INFO  httpx  HTTP Request: GET http://test/v1/materials?family=cache_7297422968a2&limit=3 "HTTP/1.1 200 OK"
2026-09-21 21:44:50,893 INFO  httpx  HTTP Request: GET http://test/v1/materials?family=cache_7297422968a2&limit=3 "HTTP/1.1 200 OK"
------------------------------ Captured log call -------------------------------
INFO     httpx:_client.py:1740 HTTP Request: GET http://test/v1/materials?family=cache_7297422968a2&limit=3 "HTTP/1.1 200 OK"
INFO     httpx:_client.py:1740 HTTP Request: GET http://test/v1/materials?family=cache_7297422968a2&limit=3 "HTTP/1.1 200 OK"
________ test_page_cache_does_not_publish_a_read_spanning_source_change ________

client = <httpx.AsyncClient object at 0x10fc02870>
db_session = <sqlalchemy.ext.asyncio.session.AsyncSession object at 0x10fc00a40>
monkeypatch = <_pytest.monkeypatch.MonkeyPatch object at 0x10fc02ff0>

    @pytest.mark.asyncio
    async def test_page_cache_does_not_publish_a_read_spanning_source_change(client, db_session, monkeypatch):
        import routers.materials as routes
        from sqlalchemy import text
    
        monkeypatch.setattr(routes, "_material_pages", routes._MaterialPageCache())
        family = f"cache_race_{uuid4().hex[:12]}"
        row = await material_row(db_session, family=family, label="subject", tc=30, old_tc=30, source_count=1)
        original = routes.prepare_material_views
        changed = False
    
        async def interleaved(*args, **kwargs):
            nonlocal changed
            result = await original(*args, **kwargs)
            if not changed:
                changed = True
                await db_session.execute(text("UPDATE papers SET status='retracted' WHERE id=:id"),
                                         {"id": row.records[0]["paper_id"]})
                await db_session.commit()
            return result
    
        monkeypatch.setattr(routes, "prepare_material_views", interleaved)
        response = await client.get("/v1/materials", params={"family": family})
        assert response.status_code == 503 and response.headers["retry-after"] == "1"
>       assert response.headers["cache-control"] == "no-store"
E       AssertionError: assert 'private, no-store' == 'no-store'
E         
E         - no-store
E         + private, no-store

tests/test_material_source_scope_ordering.py:288: AssertionError
----------------------------- Captured stderr call -----------------------------
2026-09-21 21:44:51,066 INFO  httpx  HTTP Request: GET http://test/v1/materials?family=cache_race_104a29d156e2 "HTTP/1.1 503 Service Unavailable"
------------------------------ Captured log call -------------------------------
INFO     httpx:_client.py:1740 HTTP Request: GET http://test/v1/materials?family=cache_race_104a29d156e2 "HTTP/1.1 503 Service Unavailable"
_______ test_cached_page_key_includes_filters_pagination_and_policy_year _______

client = <httpx.AsyncClient object at 0x10fb514c0>
db_session = <sqlalchemy.ext.asyncio.session.AsyncSession object at 0x10fb52060>
monkeypatch = <_pytest.monkeypatch.MonkeyPatch object at 0x10fb513d0>

    @pytest.mark.asyncio
    async def test_cached_page_key_includes_filters_pagination_and_policy_year(client, db_session, monkeypatch):
        import routers.materials as routes
        from datetime import datetime as actual_datetime
    
        monkeypatch.setattr(routes, "_material_pages", routes._MaterialPageCache())
        family, _ = await ordered_fixture(db_session)
        variants = ({}, {"offset": 1}, {"limit": 1}, {"sort": "total_papers"},
                    {"tc_min": 40}, {"include_pending": True}, {"min_papers": 3})
        for extra in variants:
            params = {"family": family, **extra}
            cold = await client.get("/v1/materials", params=params)
            warm = await client.get("/v1/materials", params=params)
>           assert cold.status_code == warm.status_code == 200 and cold.json() == warm.json()
E           AssertionError: assert (200 == 200 and {'total': 5, ...fset': 0, ...} == {'total': 5, ...fset': 0, ...}
E            +  where 200 = <Response [200 OK]>.status_code
E             
E             Omitting 5 identical items, use -vv to show
E             Differing items:
E             {'results': [{'visibility': {'version': 'material-visibility/2.0.0', 'state': 'catalogue', 'public_catalogue_eligible'..., ...}, 'needs_review': False, 'review_reason': None, 'result_classification_version': 'sclib-result-origin/v1', ...}]} != {'results': [{'visibility': {'version': 'material-visibility/1.0.0', 'state': 'catalogue', 'public_catalogue_eligible'..., ...}, 'needs_review': False, 'review_reason': None, 'result_classification_version': 'sclib-result-origin/v1', ...}]}
E             Use -v to get more diff)

tests/test_material_source_scope_ordering.py:322: AssertionError
----------------------------- Captured stderr call -----------------------------
2026-09-21 21:44:51,567 INFO  httpx  HTTP Request: GET http://test/v1/materials?family=scope_order_6c05d8d8da41 "HTTP/1.1 200 OK"
2026-09-21 21:44:51,598 INFO  httpx  HTTP Request: GET http://test/v1/materials?family=scope_order_6c05d8d8da41 "HTTP/1.1 200 OK"
------------------------------ Captured log call -------------------------------
INFO     httpx:_client.py:1740 HTTP Request: GET http://test/v1/materials?family=scope_order_6c05d8d8da41 "HTTP/1.1 200 OK"
INFO     httpx:_client.py:1740 HTTP Request: GET http://test/v1/materials?family=scope_order_6c05d8d8da41 "HTTP/1.1 200 OK"
=============================== warnings summary ===============================
routers/admin.py:84
  /Users/jackzhou/Documents/SCLib_JZIS/api/routers/admin.py:84: FastAPIDeprecationWarning: `regex` has been deprecated, please use `pattern` instead
    role: str | None = Query(None, regex="^(admin|active|inactive)?$"),

-- Docs: https://docs.pytest.org/en/stable/how-to/capture-warnings.html
=========================== short test summary info ============================
FAILED tests/test_material_source_scope_ordering.py::test_cached_pages_follow_actual_committed_catalogue_dependencies[raw_records]
FAILED tests/test_material_source_scope_ordering.py::test_cached_pages_follow_actual_committed_catalogue_dependencies[display_field]
FAILED tests/test_material_source_scope_ordering.py::test_cached_pages_follow_actual_committed_catalogue_dependencies[material_hold]
FAILED tests/test_material_source_scope_ordering.py::test_cached_pages_follow_actual_committed_catalogue_dependencies[paper_hold]
FAILED tests/test_material_source_scope_ordering.py::test_cached_pages_follow_actual_committed_catalogue_dependencies[parent_hold]
FAILED tests/test_material_source_scope_ordering.py::test_cached_pages_follow_actual_committed_catalogue_dependencies[work_hold]
FAILED tests/test_material_source_scope_ordering.py::test_cached_pages_follow_actual_committed_catalogue_dependencies[accepted_work_map]
FAILED tests/test_material_source_scope_ordering.py::test_cached_pages_follow_actual_committed_catalogue_dependencies[insert_material]
FAILED tests/test_material_source_scope_ordering.py::test_cached_pages_follow_actual_committed_catalogue_dependencies[delete_material]
FAILED tests/test_material_source_scope_ordering.py::test_page_cache_does_not_publish_a_read_spanning_source_change
FAILED tests/test_material_source_scope_ordering.py::test_cached_page_key_includes_filters_pagination_and_policy_year
11 failed, 35 passed, 1 warning in 14.82s
Removed only this run's disposable services and temporary test data.
