Disposable native services verified; running api.
F...............................................                         [100%]
=================================== FAILURES ===================================
_ test_catalog_capacity_503_cancels_siblings_before_traversing_later_releases[6] _

client = <httpx.AsyncClient object at 0x10cd09ac0>
local_releases = LocalDistributions(directory=PosixPath('/private/var/folders/m0/ztnj2ywn613cqhtb3_ym0xyc0000gn/T/pytest-of-jackzhou/py...y_run': False, 'committed': False, 'replayed': False, 'scientific_acceptance': False, 'ml_training_approved': False}}})
monkeypatch = <_pytest.monkeypatch.MonkeyPatch object at 0x10cd0b620>
worker_pool = 6

    async def test_catalog_capacity_503_cancels_siblings_before_traversing_later_releases(client, local_releases, monkeypatch, worker_pool):
        _, payloads = await _eight_releases(local_releases)
        pages_entered, pages_release = threading.Event(), threading.Event()
        catalog_entered, catalog_release, catalog_finished = threading.Event(), threading.Event(), threading.Event()
        lock = threading.Lock()
        page_count = 0
        started, finished = [], []
        original_read, original_entry = routes.read_release, routes._catalog_entry
    
        def hold_page(*args):
            nonlocal page_count
            result = original_read(*args)
            with lock:
                page_count += 1
                if page_count == 6:
                    pages_entered.set()
            assert pages_release.wait(8)
            return result
    
        def hold_catalog(approval, identifier, expected):
            with lock:
                started.append(identifier)
                if len(started) == 2:
                    catalog_entered.set()
            try:
                assert catalog_release.wait(8)
                return original_entry(approval, identifier, expected)
            finally:
                with lock:
                    finished.append(identifier)
                    if len(finished) == 2:
                        catalog_finished.set()
    
        monkeypatch.setattr(routes, "read_release", hold_page)
        monkeypatch.setattr(routes, "_catalog_entry", hold_catalog)
        workers = _track_workers(monkeypatch)
        identifier = sorted(payloads)[0]
        pages = [asyncio.create_task(client.get(f"{CATALOG}/{identifier}/assessments")) for _ in range(6)]
        request = None
        try:
            await _wait(pages_entered)
            request = asyncio.create_task(client.get(CATALOG))
            response = await asyncio.wait_for(request, timeout=4)
            assert response.status_code == 503 and response.headers["retry-after"] == "1"
            assert response.headers["cache-control"] == "no-store"
            assert len(workers) == 4 and all(worker.done() for worker in workers)
            if worker_pool == 6:
                # Six held pages occupy every worker. The two admitted catalogue
                # jobs are shielded in the queue after their HTTP readers cancel.
>               assert started == []
E               AssertionError: assert ['synthetic-c...b3-0-extra-0'] == []
E                 
E                 Left contains 2 more items, first extra item: 'synthetic-catalog-11fd795bb1354db3863f5337b76dddb3-0'
E                 Use -v to get more diff

tests/test_rps_catalog_cancellation.py:115: AssertionError
----------------------------- Captured stderr call -----------------------------
2026-09-21 21:37:47,655 INFO  httpx  HTTP Request: GET http://test/v1/discovery/rps/releases "HTTP/1.1 503 Service Unavailable"
2026-09-21 21:37:48,171 INFO  httpx  HTTP Request: GET http://test/v1/discovery/rps/releases/synthetic-catalog-11fd795bb1354db3863f5337b76dddb3-0/assessments "HTTP/1.1 200 OK"
2026-09-21 21:37:48,171 INFO  httpx  HTTP Request: GET http://test/v1/discovery/rps/releases/synthetic-catalog-11fd795bb1354db3863f5337b76dddb3-0/assessments "HTTP/1.1 200 OK"
2026-09-21 21:37:48,171 INFO  httpx  HTTP Request: GET http://test/v1/discovery/rps/releases/synthetic-catalog-11fd795bb1354db3863f5337b76dddb3-0/assessments "HTTP/1.1 200 OK"
2026-09-21 21:37:48,173 INFO  httpx  HTTP Request: GET http://test/v1/discovery/rps/releases/synthetic-catalog-11fd795bb1354db3863f5337b76dddb3-0/assessments "HTTP/1.1 200 OK"
2026-09-21 21:37:48,173 INFO  httpx  HTTP Request: GET http://test/v1/discovery/rps/releases/synthetic-catalog-11fd795bb1354db3863f5337b76dddb3-0/assessments "HTTP/1.1 200 OK"
2026-09-21 21:37:48,174 INFO  httpx  HTTP Request: GET http://test/v1/discovery/rps/releases/synthetic-catalog-11fd795bb1354db3863f5337b76dddb3-0/assessments "HTTP/1.1 200 OK"
------------------------------ Captured log call -------------------------------
INFO     httpx:_client.py:1740 HTTP Request: GET http://test/v1/discovery/rps/releases "HTTP/1.1 503 Service Unavailable"
INFO     httpx:_client.py:1740 HTTP Request: GET http://test/v1/discovery/rps/releases/synthetic-catalog-11fd795bb1354db3863f5337b76dddb3-0/assessments "HTTP/1.1 200 OK"
INFO     httpx:_client.py:1740 HTTP Request: GET http://test/v1/discovery/rps/releases/synthetic-catalog-11fd795bb1354db3863f5337b76dddb3-0/assessments "HTTP/1.1 200 OK"
INFO     httpx:_client.py:1740 HTTP Request: GET http://test/v1/discovery/rps/releases/synthetic-catalog-11fd795bb1354db3863f5337b76dddb3-0/assessments "HTTP/1.1 200 OK"
INFO     httpx:_client.py:1740 HTTP Request: GET http://test/v1/discovery/rps/releases/synthetic-catalog-11fd795bb1354db3863f5337b76dddb3-0/assessments "HTTP/1.1 200 OK"
INFO     httpx:_client.py:1740 HTTP Request: GET http://test/v1/discovery/rps/releases/synthetic-catalog-11fd795bb1354db3863f5337b76dddb3-0/assessments "HTTP/1.1 200 OK"
INFO     httpx:_client.py:1740 HTTP Request: GET http://test/v1/discovery/rps/releases/synthetic-catalog-11fd795bb1354db3863f5337b76dddb3-0/assessments "HTTP/1.1 200 OK"
=============================== warnings summary ===============================
routers/admin.py:84
  /Users/jackzhou/Documents/SCLib_JZIS/api/routers/admin.py:84: FastAPIDeprecationWarning: `regex` has been deprecated, please use `pattern` instead
    role: str | None = Query(None, regex="^(admin|active|inactive)?$"),

-- Docs: https://docs.pytest.org/en/stable/how-to/capture-warnings.html
=========================== short test summary info ============================
FAILED tests/test_rps_catalog_cancellation.py::test_catalog_capacity_503_cancels_siblings_before_traversing_later_releases[6]
1 failed, 47 passed, 1 warning in 204.73s (0:03:24)
Removed only this run's disposable services and temporary test data.
