
> sclib-frontend@0.1.0 test:source /Users/jackzhou/Documents/SCLib_JZIS/frontend
> node --test tests/*.test.mjs

✔ API client preserves request correlation and unified quota fields (21.034709ms)
✔ password reset UI uses generic request copy and a one-time token (56.614125ms)
✔ dashboard exposes server-side session revocation separately from API keys (17.532833ms)
✔ browser auth uses credentialed HttpOnly-cookie requests (48.946208ms)
✔ application source contains no browser-stored JWT fallback (49.817125ms)
✔ discovery server render uses bounded summary pages (2.462084ms)
✔ discovery cards virtualize offscreen work and lazy-load dossiers (0.268833ms)
✔ legacy feed rejects mixed-version pages and uses explicit English recovery copy (0.266ms)
✔ synthetic material preview requires an explicit query and development mode (7.47775ms)
✔ demo rows never enter the live RPS board or call the real detail API (2.891875ms)
✔ scientific matrix is the ordinary primary surface, with separate original and legacy views (3.247625ms)
✔ the public matrix never imports fixture/demo data, admin mutations, draft units or a browser scorer (11.248625ms)
✔ the planned dictionary explains that native units are independently authoritative (1.6765ms)
✔ default UI has no embedded Chinese copy; query regexes and comments remain supported (629.408542ms)
✔ date and number display explicitly uses an English locale (317.548333ms)
✔ document language and metadata remain English (0.553416ms)
✔ classification filter UI explicitly separates source reports, qualified false and same-state data (23.694833ms)
✔ public API documents material summary classification scope and nonindependent count basis (9.64625ms)
✔ desktop navigation collapses into an accessible mobile menu (3.174625ms)
✔ mobile shells use compact gutters and stack consent actions (0.302292ms)
✔ browser health reporting is sampled and requires analytics consent (3.877ms)
✔ browser errors are reduced to aggregate signals without payload text (1.991375ms)
✔ the reporter is mounted once at the application root (0.2975ms)
✔ OAuth links use the public API origin during server rendering (2.19725ms)
✔ OAuth navigation sources contain no internal or loopback host (0.548709ms)
✔ standalone trace destinations contain both copied source and real linked dependencies (184.912584ms)
✔ production browser child excludes inherited credentials, env files and font mocks (0.679916ms)
✔ public production E2E never reuses a server or permits service worker bypass (1.153042ms)
✔ every public browser suite installs the fail-closed network fixture (1.479542ms)
✔ search separates scientific excerpt checks from mechanical citation validation (61.532ms)
✔ public API documentation describes hybrid retrieval and citation fields (6.005125ms)
✔ private browser CI collects all visual TypeScript suites, without replacing public E2E (2.854541ms)
✔ private browser CI never reuses a server and keeps each output root exclusive (0.426917ms)
✔ output preparation runs once in the launcher and cannot replace any earlier artifact (8.8355ms)
✔ the shared research browser server keeps source intake synthetic and copies no env file (0.756916ms)
✔ all frontend routes receive the required security headers (3.514458ms)
✔ production CSP is restrictive and permits required integrations (0.729208ms)
✔ private and authentication routes instruct crawlers not to index (5.086417ms)
✔ sitemap inventory is paginated and produces canonical encoded URLs (29.914084ms)
✔ robots, canonical metadata, and structured research data are present (7.717375ms)
✔ stats UI distinguishes aggregate refresh, data snapshot, and pipeline run (5.669875ms)
✔ daily cron reports each data stage without changing ingest cadence (0.317834ms)
✔ timeline prefers WebGL and falls back to a bounded SVG renderer (7.211959ms)
✔ timeline names reported results and keeps unsampled summaries separate (0.516416ms)
✔ all material-family navigation uses an English elemental label (0.355625ms)
✔ timeline page requests a bounded compact payload (0.934959ms)
ℹ tests 46
ℹ suites 0
ℹ pass 46
ℹ fail 0
ℹ cancelled 0
ℹ skipped 0
ℹ todo 0
ℹ duration_ms 2470.295125

 RUN  v4.1.10 /Users/jackzhou/Documents/SCLib_JZIS/frontend


 Test Files  53 passed (53)
      Tests  1890 passed (1890)
   Start at  16:14:45
   Duration  148.57s (transform 3.79s, setup 3.93s, import 12.14s, tests 71.81s, environment 45.12s)

